>>>> [1] h_mirror1 <<<<
Executing command 'open' ...
Executing command 'h_mirror' ...
Executing command 'save' ...
>>>> [2] h_mirror2 <<<<
Executing command 'open' ...
Executing command 'h_mirror' ...
Executing command 'h_mirror' ...
Executing command 'save' ...
>>>> [3] h_mirror3 <<<<
Executing command 'open' ...
Executing command 'h_mirror' ...
Executing command 'save' ...
>>>> [4] h_mirror4 <<<<
Executing command 'open' ...
Executing command 'h_mirror' ...
Executing command 'save' ...
